
> swift-viking@0.1.0 build
> next build

Ôû▓ Next.js 16.1.6 (Turbopack)
- Environments: .env
- Experiments (use with caution):
  ┬À serverActions

node.exe : ÔÜá The "middleware" file 
convention is deprecated. Please use 
"proxy" instead. Learn more: https://ne
xtjs.org/docs/messages/middleware-to-pr
oxy
En línea: 1 Carácter: 1
+ & "C:\Program Files\nodejs/node.exe" 
"C:\Program Files\nodejs/node_mo ...
+ ~~~~~~~~~~~~~~~~~~~~~~~~~~~~~~~~~~~~~
~~~~~~~~~~~~~~~~~~~~~~~~~~~~~~~~
    + CategoryInfo          : 
NotSpecifi    ed: (ÔÜá The 
"middle...leware-to-pro    xy:String) 
[], RemoteException
    + FullyQualifiedErrorId : 
NativeComm    andError
 
  Creating an optimized production build ...

> Build error occurred
Error: Turbopack build failed with 4 
errors:
./src/lib/storefront.ts:21:5
Parsing ecmascript source code failed
[0m [90m 19 |[39m         
console[33m.[39merror([32m'Error 
saving 
storefront.json:'[39m[33m,[39m 
error)[33m;[39m
 [90m 20 |[39m         
[36mthrow[39m error[33m;[39m
[31m[1m>[22m[39m[90m 21 |[39m    
 }
 [90m    |[39m     
[31m[1m^[22m[39m
 [90m 22 |[39m }
 [90m 23 |[39m[0m

Expression expected

Import traces:
  App Route:
    ./src/lib/storefront.ts
    ./src/app/api/storefront/route.ts

  Server Component:
    ./src/lib/storefront.ts
    ./src/app/[[...slug]]/page.tsx


./src/app/modaadmin/puck/[[...puckPath]
]/page.tsx:3:1
Module not found: Can't resolve 
'@puckeditor/core'
[0m [90m 1 |[39m [32m"use 
client"[39m[33m;[39m
 [90m 2 |[39m
[31m[1m>[22m[39m[90m 3 |[39m 
[36mimport[39m { [33mPuck[39m } 
[36mfrom[39m 
[32m"@puckeditor/core"[39m[33m;[39m
 [90m   |[39m [31m[1m^[22m[39m[3
1m[1m^[22m[39m[31m[1m^[22m[39m[
31m[1m^[22m[39m[31m[1m^[22m[39m
[31m[1m^[22m[39m[31m[1m^[22m[39m
[31m[1m^[22m[39m[31m[1m^[22m[39
m[31m[1m^[22m[39m[31m[1m^[22m[3
9m[31m[1m^[22m[39m[31m[1m^[22m[
39m[31m[1m^[22m[39m[31m[1m^[22m
[39m[31m[1m^[22m[39m[31m[1m^[22m
[39m[31m[1m^[22m[39m[31m[1m^[22
m[39m[31m[1m^[22m[39m[31m[1m^[2
2m[39m[31m[1m^[22m[39m[31m[1m^[
22m[39m[31m[1m^[22m[39m[31m[1m^
[22m[39m[31m[1m^[22m[39m[31m[1m^
[22m[39m[31m[1m^[22m[39m[31m[1m
^[22m[39m[31m[1m^[22m[39m[31m[1
m^[22m[39m[31m[1m^[22m[39m[31m[
1m^[22m[39m[31m[1m^[22m[39m[31m
[1m^[22m[39m[31m[1m^[22m[39m[31m
[1m^[22m[39m[31m[1m^[22m[39m[31
m[1m^[22m[39m[31m[1m^[22m[39m
 [90m 4 |[39m [36mimport[39m [32m"
@puckeditor/core/puck.css"[39m[33m;[
39m
 [90m 5 |[39m [36mimport[39m { 
puckConfig } [36mfrom[39m [32m"@/lib
/puck.config"[39m[33m;[39m
 [90m 6 |[39m [36mimport[39m { 
useEffect[33m,[39m useState } 
[36mfrom[39m 
[32m"react"[39m[33m;[39m[0m



Import traces:
  Client Component Browser:
    ./src/app/modaadmin/puck/[[...puckP
ath]]/page.tsx [Client Component 
Browser]
    ./src/app/modaadmin/puck/[[...puckP
ath]]/page.tsx [Server Component]

  Client Component SSR:
    ./src/app/modaadmin/puck/[[...puckP
ath]]/page.tsx [Client Component SSR]
    ./src/app/modaadmin/puck/[[...puckP
ath]]/page.tsx [Server Component]

https://nextjs.org/docs/messages/module
-not-found


./src/components/CatalogView.tsx:16:1
Module not found: Can't resolve 
'@puckeditor/core'
[0m [90m 14 |[39m [90m// We can 
delete the old Lightbox component file 
later[39m
 [90m 15 |[39m [36mimport[39m { 
[33mFiSearch[39m[33m,[39m 
[33mFiArrowLeft[39m[33m,[39m 
[33mFiGrid[39m[33m,[39m 
[33mFiHome[39m } [36mfrom[39m 
[32m'react-icons/fi'[39m[33m;[39m
[31m[1m>[22m[39m[90m 16 |[39m 
[36mimport[39m { [33mRender[39m } 
[36mfrom[39m 
[32m"@puckeditor/core"[39m[33m;[39m
 [90m    |[39m [31m[1m^[22m[39m[
31m[1m^[22m[39m[31m[1m^[22m[39m
[31m[1m^[22m[39m[31m[1m^[22m[39m
[31m[1m^[22m[39m[31m[1m^[22m[39
m[31m[1m^[22m[39m[31m[1m^[22m[3
9m[31m[1m^[22m[39m[31m[1m^[22m[
39m[31m[1m^[22m[39m[31m[1m^[22m
[39m[31m[1m^[22m[39m[31m[1m^[22m
[39m[31m[1m^[22m[39m[31m[1m^[22
m[39m[31m[1m^[22m[39m[31m[1m^[2
2m[39m[31m[1m^[22m[39m[31m[1m^[
22m[39m[31m[1m^[22m[39m[31m[1m^
[22m[39m[31m[1m^[22m[39m[31m[1m^
[22m[39m[31m[1m^[22m[39m[31m[1m
^[22m[39m[31m[1m^[22m[39m[31m[1
m^[22m[39m[31m[1m^[22m[39m[31m[
1m^[22m[39m[31m[1m^[22m[39m[31m
[1m^[22m[39m[31m[1m^[22m[39m[31m
[1m^[22m[39m[31m[1m^[22m[39m[31
m[1m^[22m[39m[31m[1m^[22m[39m[3
1m[1m^[22m[39m[31m[1m^[22m[39m[
31m[1m^[22m[39m[31m[1m^[22m[39m
 [90m 17 |[39m [36mimport[39m { 
puckConfig } [36mfrom[39m [32m"@/lib
/puck.config"[39m[33m;[39m
 [90m 18 |[39m
 [90m 19 |[39m [36minterface[39m 
[33mCatalogViewProps[39m {[0m



Import trace:
  Server Component:
    ./src/components/CatalogView.tsx
    ./src/app/[[...slug]]/page.tsx

https://nextjs.org/docs/messages/module
-not-found


./src/app/modaadmin/puck/[[...puckPath]
]/page.tsx:4:1
Module not found: Can't resolve 
'@puckeditor/core/puck.css'
[0m [90m 2 |[39m
 [90m 3 |[39m [36mimport[39m { 
[33mPuck[39m } [36mfrom[39m 
[32m"@puckeditor/core"[39m[33m;[39m
[31m[1m>[22m[39m[90m 4 |[39m 
[36mimport[39m [32m"@puckeditor/core
/puck.css"[39m[33m;[39m
 [90m   |[39m [31m[1m^[22m[39m[3
1m[1m^[22m[39m[31m[1m^[22m[39m[
31m[1m^[22m[39m[31m[1m^[22m[39m
[31m[1m^[22m[39m[31m[1m^[22m[39m
[31m[1m^[22m[39m[31m[1m^[22m[39
m[31m[1m^[22m[39m[31m[1m^[22m[3
9m[31m[1m^[22m[39m[31m[1m^[22m[
39m[31m[1m^[22m[39m[31m[1m^[22m
[39m[31m[1m^[22m[39m[31m[1m^[22m
[39m[31m[1m^[22m[39m[31m[1m^[22
m[39m[31m[1m^[22m[39m[31m[1m^[2
2m[39m[31m[1m^[22m[39m[31m[1m^[
22m[39m[31m[1m^[22m[39m[31m[1m^
[22m[39m[31m[1m^[22m[39m[31m[1m^
[22m[39m[31m[1m^[22m[39m[31m[1m
^[22m[39m[31m[1m^[22m[39m[31m[1
m^[22m[39m[31m[1m^[22m[39m[31m[
1m^[22m[39m[31m[1m^[22m[39m[31m
[1m^[22m[39m
 [90m 5 |[39m [36mimport[39m { 
puckConfig } [36mfrom[39m [32m"@/lib
/puck.config"[39m[33m;[39m
 [90m 6 |[39m [36mimport[39m { 
useEffect[33m,[39m useState } 
[36mfrom[39m 
[32m"react"[39m[33m;[39m
 [90m 7 |[39m [36mimport[39m 
[33mLink[39m [36mfrom[39m 
[32m"next/link"[39m[33m;[39m[0m



Import traces:
  Client Component Browser:
    ./src/app/modaadmin/puck/[[...puckP
ath]]/page.tsx [Client Component 
Browser]
    ./src/app/modaadmin/puck/[[...puckP
ath]]/page.tsx [Server Component]

  Client Component SSR:
    ./src/app/modaadmin/puck/[[...puckP
ath]]/page.tsx [Client Component SSR]
    ./src/app/modaadmin/puck/[[...puckP
ath]]/page.tsx [Server Component]

https://nextjs.org/docs/messages/module
-not-found


    at <unknown> 
(./src/lib/storefront.ts:21:5)
    at <unknown> (./src/app/modaadmin/p
uck/[[...puckPath]]/page.tsx:3:1)
    at <unknown> (https://nextjs.org/do
cs/messages/module-not-found)
    at <unknown> 
(./src/components/CatalogView.tsx:16:1)
    at <unknown> (https://nextjs.org/do
cs/messages/module-not-found)
    at <unknown> (./src/app/modaadmin/p
uck/[[...puckPath]]/page.tsx:4:1)
    at <unknown> (https://nextjs.org/do
cs/messages/module-not-found)
