.next/dev/types/validator.ts(125,39): error TS2307: Cannot find module '../../../src/app/api/upload/route.js' or its corresponding type declarations.
.next/types/validator.ts(62,39): error TS2307: Cannot find module '../../src/app/modaadmin/gestor/page.js' or its corresponding type declarations.
.next/types/validator.ts(80,39): error TS2307: Cannot find module '../../src/app/api/admin/catalog/route.js' or its corresponding type declarations.
.next/types/validator.ts(89,39): error TS2307: Cannot find module '../../src/app/api/admin/fs/route.js' or its corresponding type declarations.
.next/types/validator.ts(98,39): error TS2307: Cannot find module '../../src/app/api/admin/rebuild/route.js' or its corresponding type declarations.
.next/types/validator.ts(107,39): error TS2307: Cannot find module '../../src/app/api/admin/upload-zip/route.js' or its corresponding type declarations.
.next/types/validator.ts(116,39): error TS2307: Cannot find module '../../src/app/api/admin/upload/route.js' or its corresponding type declarations.
